// Jest Snapshot v1, https://goo.gl/fbAQLP

exports[`Error Component render component 1`] = `
<div>
  <h2
    class="sc-bdvvtL cuTfRT"
  >
    error
  </h2>
</div>
`;
